[backblue.gif]
[fade.gif]
[index.html]
[docs.python.org/2/_static/jquery.js]
[docs.python.org/2/_static/underscore.js]
[docs.python.org/2/_static/doctools.js]
[docs.python.org/2/_static/sidebar.js]
[docs.python.org/2/_static/py.png]
[docs.python.org/2/_static/copybutton.js]
[docs.python.org/2/_static/version_switch.js]
[docs.python.org/2/index.html]
[docs.python.org/2/_static/classic.css]
[docs.python.org/2/_static/pygments.css]
[docs.python.org/2/about.html]
[docs.python.org/2/copyright.html]
[docs.python.org/2/contents.html]
[docs.python.org/2/genindex.html]
[docs.python.org/2/_static/minus.png]
[docs.python.org/2/py-modindex.html]
[docs.python.org/2/whatsnew/2.7.html]
[docs.python.org/2/whatsnew/index.html]
[docs.python.org/2/tutorial/index.html]
[docs.python.org/2/library/index.html]
[docs.python.org/2/reference/index.html]
[docs.python.org/2/using/index.html]
[docs.python.org/2/howto/index.html]
[docs.python.org/2/installing/index.html]
[docs.python.org/2/distributing/index.html]
[docs.python.org/2/extending/index.html]
[docs.python.org/2/c-api/index.html]
[docs.python.org/2/faq/index.html]
[docs.python.org/2/glossary.html]
[docs.python.org/2/_static/searchtools.js]
[docs.python.org/2/search.html]
[docs.python.org/2/searchindex.js]
[docs.python.org/2/bugs.html]
[docs.python.org/2/license.html]
[docs.python.org/2/download.html]
[docs.python.org/2/_static/file.png]
[docs.python.org/2/_static/basic.css]
[docs.python.org/2/index-2.html]
[docs.python.org/2/whatsnew/2.6.html]
[docs.python.org/2/whatsnew/2.5.html]
[docs.python.org/2/whatsnew/2.4.html]
[docs.python.org/2/whatsnew/2.3.html]
[docs.python.org/2/whatsnew/2.2.html]
[docs.python.org/2/whatsnew/2.1.html]
[docs.python.org/2/whatsnew/2.0.html]
[docs.python.org/2/tutorial/appetite.html]
[docs.python.org/2/tutorial/interpreter.html]
[docs.python.org/2/tutorial/introduction.html]
[docs.python.org/2/tutorial/controlflow.html]
[docs.python.org/2/tutorial/datastructures.html]
[docs.python.org/2/tutorial/modules.html]
[docs.python.org/2/tutorial/inputoutput.html]
[docs.python.org/2/tutorial/errors.html]
[docs.python.org/2/tutorial/classes.html]
[docs.python.org/2/tutorial/stdlib.html]
[docs.python.org/2/tutorial/stdlib2.html]
[docs.python.org/2/tutorial/whatnow.html]
[docs.python.org/2/tutorial/interactive.html]
[docs.python.org/2/tutorial/floatingpoint.html]
[docs.python.org/2/tutorial/appendix.html]
[docs.python.org/2/using/cmdline.html]
[docs.python.org/2/using/unix.html]
[docs.python.org/2/using/windows.html]
[docs.python.org/2/using/mac.html]
[docs.python.org/2/reference/introduction.html]
[docs.python.org/2/reference/lexical_analysis.html]
[docs.python.org/2/reference/datamodel.html]
[docs.python.org/2/reference/executionmodel.html]
[docs.python.org/2/reference/expressions.html]
[docs.python.org/2/reference/simple_stmts.html]
[docs.python.org/2/reference/compound_stmts.html]
[docs.python.org/2/reference/toplevel_components.html]
[docs.python.org/2/reference/grammar.html]
[docs.python.org/2/library/intro.html]
[docs.python.org/2/library/functions.html]
[docs.python.org/2/library/constants.html]
[docs.python.org/2/library/stdtypes.html]
[docs.python.org/2/library/exceptions.html]
[docs.python.org/2/library/strings.html]
[docs.python.org/2/library/string.html]
[docs.python.org/2/library/re.html]
[docs.python.org/2/library/struct.html]
[docs.python.org/2/library/difflib.html]
[docs.python.org/2/library/stringio.html]
[docs.python.org/2/library/textwrap.html]
[docs.python.org/2/library/codecs.html]
[docs.python.org/2/library/unicodedata.html]
[docs.python.org/2/library/stringprep.html]
[docs.python.org/2/library/fpformat.html]
[docs.python.org/2/library/datatypes.html]
[docs.python.org/2/library/datetime.html]
[docs.python.org/2/library/calendar.html]
[docs.python.org/2/library/collections.html]
[docs.python.org/2/library/heapq.html]
[docs.python.org/2/library/bisect.html]
[docs.python.org/2/library/array.html]
[docs.python.org/2/library/sets.html]
[docs.python.org/2/library/sched.html]
[docs.python.org/2/library/mutex.html]
[docs.python.org/2/library/queue.html]
[docs.python.org/2/library/weakref.html]
[docs.python.org/2/library/userdict.html]
[docs.python.org/2/library/types.html]
[docs.python.org/2/library/new.html]
[docs.python.org/2/library/copy.html]
[docs.python.org/2/library/pprint.html]
[docs.python.org/2/library/repr.html]
[docs.python.org/2/library/numeric.html]
[docs.python.org/2/library/numbers.html]
[docs.python.org/2/library/math.html]
[docs.python.org/2/library/cmath.html]
[docs.python.org/2/library/decimal.html]
[docs.python.org/2/library/fractions.html]
[docs.python.org/2/library/random.html]
[docs.python.org/2/library/itertools.html]
[docs.python.org/2/library/functools.html]
[docs.python.org/2/library/operator.html]
[docs.python.org/2/library/filesys.html]
[docs.python.org/2/library/os.path.html]
[docs.python.org/2/library/fileinput.html]
[docs.python.org/2/library/stat.html]
[docs.python.org/2/library/statvfs.html]
[docs.python.org/2/library/filecmp.html]
[docs.python.org/2/library/tempfile.html]
[docs.python.org/2/library/glob.html]
[docs.python.org/2/library/fnmatch.html]
[docs.python.org/2/library/linecache.html]
[docs.python.org/2/library/shutil.html]
[docs.python.org/2/library/dircache.html]
[docs.python.org/2/library/macpath.html]
[docs.python.org/2/library/persistence.html]
[docs.python.org/2/library/pickle.html]
[docs.python.org/2/library/copy_reg.html]
[docs.python.org/2/library/shelve.html]
[docs.python.org/2/library/marshal.html]
[docs.python.org/2/library/anydbm.html]
[docs.python.org/2/library/whichdb.html]
[docs.python.org/2/library/dbm.html]
[docs.python.org/2/library/gdbm.html]
[docs.python.org/2/library/dbhash.html]
[docs.python.org/2/library/bsddb.html]
[docs.python.org/2/library/dumbdbm.html]
[docs.python.org/2/library/sqlite3.html]
[docs.python.org/2/library/archiving.html]
[docs.python.org/2/library/zlib.html]
[docs.python.org/2/library/gzip.html]
[docs.python.org/2/library/bz2.html]
[docs.python.org/2/library/zipfile.html]
[docs.python.org/2/library/tarfile.html]
[docs.python.org/2/library/fileformats.html]
[docs.python.org/2/library/csv.html]
[docs.python.org/2/library/configparser.html]
[docs.python.org/2/library/robotparser.html]
[docs.python.org/2/library/netrc.html]
[docs.python.org/2/library/xdrlib.html]
[docs.python.org/2/library/plistlib.html]
[docs.python.org/2/library/crypto.html]
[docs.python.org/2/library/hashlib.html]
[docs.python.org/2/library/hmac.html]
[docs.python.org/2/library/md5.html]
[docs.python.org/2/library/sha.html]
[docs.python.org/2/library/allos.html]
[docs.python.org/2/library/os.html]
[docs.python.org/2/library/io.html]
[docs.python.org/2/library/time.html]
[docs.python.org/2/library/argparse.html]
[docs.python.org/2/library/optparse.html]
[docs.python.org/2/library/getopt.html]
[docs.python.org/2/library/logging.html]
[docs.python.org/2/library/logging.config.html]
[docs.python.org/2/library/logging.handlers.html]
[docs.python.org/2/library/getpass.html]
[docs.python.org/2/library/curses.html]
[docs.python.org/2/library/curses.ascii.html]
[docs.python.org/2/library/curses.panel.html]
[docs.python.org/2/library/platform.html]
[docs.python.org/2/library/errno.html]
[docs.python.org/2/library/ctypes.html]
[docs.python.org/2/library/someos.html]
[docs.python.org/2/library/select.html]
[docs.python.org/2/library/threading.html]
[docs.python.org/2/library/thread.html]
[docs.python.org/2/library/dummy_threading.html]
[docs.python.org/2/library/dummy_thread.html]
[docs.python.org/2/library/multiprocessing.html]
[docs.python.org/2/library/mmap.html]
[docs.python.org/2/library/readline.html]
[docs.python.org/2/library/rlcompleter.html]
[docs.python.org/2/library/ipc.html]
[docs.python.org/2/library/subprocess.html]
[docs.python.org/2/library/socket.html]
[docs.python.org/2/library/ssl.html]
[docs.python.org/2/library/signal.html]
[docs.python.org/2/library/popen2.html]
[docs.python.org/2/library/asyncore.html]
[docs.python.org/2/library/asynchat.html]
[docs.python.org/2/library/netdata.html]
[docs.python.org/2/library/email.html]
[docs.python.org/2/library/email.message.html]
[docs.python.org/2/library/email.parser.html]
[docs.python.org/2/library/email.generator.html]
[docs.python.org/2/library/email.mime.html]
[docs.python.org/2/library/email.header.html]
[docs.python.org/2/library/email.charset.html]
[docs.python.org/2/library/email.encoders.html]
[docs.python.org/2/library/email.errors.html]
[docs.python.org/2/library/email.util.html]
[docs.python.org/2/library/email.iterators.html]
[docs.python.org/2/library/email-examples.html]
[docs.python.org/2/library/json.html]
[docs.python.org/2/library/mailcap.html]
[docs.python.org/2/library/mailbox.html]
[docs.python.org/2/library/mhlib.html]
[docs.python.org/2/library/mimetools.html]
[docs.python.org/2/library/mimetypes.html]
[docs.python.org/2/library/mimewriter.html]
[docs.python.org/2/library/mimify.html]
[docs.python.org/2/library/multifile.html]
[docs.python.org/2/library/rfc822.html]
[docs.python.org/2/library/base64.html]
[docs.python.org/2/library/binhex.html]
[docs.python.org/2/library/binascii.html]
[docs.python.org/2/library/quopri.html]
[docs.python.org/2/library/uu.html]
[docs.python.org/2/library/markup.html]
[docs.python.org/2/library/htmlparser.html]
[docs.python.org/2/library/sgmllib.html]
[docs.python.org/2/library/htmllib.html]
[docs.python.org/2/library/xml.html]
[docs.python.org/2/library/xml.etree.elementtree.html]
[docs.python.org/2/library/xml.dom.html]
[docs.python.org/2/library/xml.dom.minidom.html]
[docs.python.org/2/library/xml.dom.pulldom.html]
[docs.python.org/2/library/xml.sax.html]
[docs.python.org/2/library/xml.sax.handler.html]
[docs.python.org/2/library/xml.sax.utils.html]
[docs.python.org/2/library/xml.sax.reader.html]
[docs.python.org/2/library/pyexpat.html]
[docs.python.org/2/library/internet.html]
[docs.python.org/2/library/webbrowser.html]
[docs.python.org/2/library/cgi.html]
[docs.python.org/2/library/cgitb.html]
[docs.python.org/2/library/wsgiref.html]
[docs.python.org/2/library/urllib.html]
[docs.python.org/2/library/urllib2.html]
[docs.python.org/2/library/httplib.html]
[docs.python.org/2/library/ftplib.html]
[docs.python.org/2/library/poplib.html]
[docs.python.org/2/library/imaplib.html]
[docs.python.org/2/library/nntplib.html]
[docs.python.org/2/library/smtplib.html]
[docs.python.org/2/library/smtpd.html]
[docs.python.org/2/library/telnetlib.html]
[docs.python.org/2/library/uuid.html]
[docs.python.org/2/library/urlparse.html]
[docs.python.org/2/library/socketserver.html]
[docs.python.org/2/library/basehttpserver.html]
[docs.python.org/2/library/simplehttpserver.html]
[docs.python.org/2/library/cgihttpserver.html]
[docs.python.org/2/library/cookielib.html]
[docs.python.org/2/library/cookie.html]
[docs.python.org/2/library/xmlrpclib.html]
[docs.python.org/2/library/simplexmlrpcserver.html]
[docs.python.org/2/library/docxmlrpcserver.html]
[docs.python.org/2/library/mm.html]
[docs.python.org/2/library/audioop.html]
[docs.python.org/2/library/imageop.html]
[docs.python.org/2/library/aifc.html]
[docs.python.org/2/library/sunau.html]
[docs.python.org/2/library/wave.html]
[docs.python.org/2/library/chunk.html]
[docs.python.org/2/library/colorsys.html]
[docs.python.org/2/library/imghdr.html]
[docs.python.org/2/library/sndhdr.html]
[docs.python.org/2/library/ossaudiodev.html]
[docs.python.org/2/library/i18n.html]
[docs.python.org/2/library/gettext.html]
[docs.python.org/2/library/locale.html]
[docs.python.org/2/library/frameworks.html]
[docs.python.org/2/library/cmd.html]
[docs.python.org/2/library/shlex.html]
[docs.python.org/2/library/tk.html]
[docs.python.org/2/library/tkinter.html]
[docs.python.org/2/library/ttk.html]
[docs.python.org/2/library/tix.html]
[docs.python.org/2/library/scrolledtext.html]
[docs.python.org/2/library/turtle.html]
[docs.python.org/2/library/idle.html]
[docs.python.org/2/library/othergui.html]
[docs.python.org/2/library/development.html]
[docs.python.org/2/library/pydoc.html]
[docs.python.org/2/library/doctest.html]
[docs.python.org/2/library/unittest.html]
[docs.python.org/2/library/2to3.html]
[docs.python.org/2/library/test.html]
[docs.python.org/2/library/debug.html]
[docs.python.org/2/library/bdb.html]
[docs.python.org/2/library/pdb.html]
[docs.python.org/2/library/profile.html]
[docs.python.org/2/library/hotshot.html]
[docs.python.org/2/library/timeit.html]
[docs.python.org/2/library/trace.html]
[docs.python.org/2/library/distribution.html]
[docs.python.org/2/library/distutils.html]
[docs.python.org/2/library/ensurepip.html]
[docs.python.org/2/library/python.html]
[docs.python.org/2/library/sys.html]
[docs.python.org/2/library/sysconfig.html]
[docs.python.org/2/library/__builtin__.html]
[docs.python.org/2/library/future_builtins.html]
[docs.python.org/2/library/__main__.html]
[docs.python.org/2/library/warnings.html]
[docs.python.org/2/library/contextlib.html]
[docs.python.org/2/library/abc.html]
[docs.python.org/2/library/atexit.html]
[docs.python.org/2/library/traceback.html]
[docs.python.org/2/library/__future__.html]
[docs.python.org/2/library/gc.html]
[docs.python.org/2/library/inspect.html]
[docs.python.org/2/library/site.html]
[docs.python.org/2/library/user.html]
[docs.python.org/2/library/fpectl.html]
[docs.python.org/2/library/custominterp.html]
[docs.python.org/2/library/code.html]
[docs.python.org/2/library/codeop.html]
[docs.python.org/2/library/restricted.html]
[docs.python.org/2/library/rexec.html]
[docs.python.org/2/library/bastion.html]
[docs.python.org/2/library/modules.html]
[docs.python.org/2/library/imp.html]
[docs.python.org/2/library/importlib.html]
[docs.python.org/2/library/imputil.html]
[docs.python.org/2/library/zipimport.html]
[docs.python.org/2/library/pkgutil.html]
[docs.python.org/2/library/modulefinder.html]
[docs.python.org/2/library/runpy.html]
[docs.python.org/2/library/language.html]
[docs.python.org/2/library/parser.html]
[docs.python.org/2/library/ast.html]
[docs.python.org/2/library/symtable.html]
[docs.python.org/2/library/symbol.html]
[docs.python.org/2/library/token.html]
[docs.python.org/2/library/keyword.html]
[docs.python.org/2/library/tokenize.html]
[docs.python.org/2/library/tabnanny.html]
[docs.python.org/2/library/pyclbr.html]
[docs.python.org/2/library/py_compile.html]
[docs.python.org/2/library/compileall.html]
[docs.python.org/2/library/dis.html]
[docs.python.org/2/library/pickletools.html]
[docs.python.org/2/library/compiler.html]
[docs.python.org/2/library/misc.html]
[docs.python.org/2/library/formatter.html]
[docs.python.org/2/library/windows.html]
[docs.python.org/2/library/msilib.html]
[docs.python.org/2/library/msvcrt.html]
[docs.python.org/2/library/_winreg.html]
[docs.python.org/2/library/winsound.html]
[docs.python.org/2/library/unix.html]
[docs.python.org/2/library/posix.html]
[docs.python.org/2/library/pwd.html]
[docs.python.org/2/library/spwd.html]
[docs.python.org/2/library/grp.html]
[docs.python.org/2/library/crypt.html]
[docs.python.org/2/library/dl.html]
[docs.python.org/2/library/termios.html]
[docs.python.org/2/library/tty.html]
[docs.python.org/2/library/pty.html]
[docs.python.org/2/library/fcntl.html]
[docs.python.org/2/library/pipes.html]
[docs.python.org/2/library/posixfile.html]
[docs.python.org/2/library/resource.html]
[docs.python.org/2/library/nis.html]
[docs.python.org/2/library/syslog.html]
[docs.python.org/2/library/commands.html]
[docs.python.org/2/library/mac.html]
[docs.python.org/2/library/ic.html]
[docs.python.org/2/library/macos.html]
[docs.python.org/2/library/macostools.html]
[docs.python.org/2/library/easydialogs.html]
[docs.python.org/2/library/framework.html]
[docs.python.org/2/library/autogil.html]
[docs.python.org/2/library/carbon.html]
[docs.python.org/2/library/colorpicker.html]
[docs.python.org/2/library/macosa.html]
[docs.python.org/2/library/gensuitemodule.html]
[docs.python.org/2/library/aetools.html]
[docs.python.org/2/library/aepack.html]
[docs.python.org/2/library/aetypes.html]
[docs.python.org/2/library/miniaeframe.html]
[docs.python.org/2/library/sgi.html]
[docs.python.org/2/library/al.html]
[docs.python.org/2/library/cd.html]
[docs.python.org/2/library/fl.html]
[docs.python.org/2/library/fm.html]
[docs.python.org/2/library/gl.html]
[docs.python.org/2/library/imgfile.html]
[docs.python.org/2/library/jpeg.html]
[docs.python.org/2/library/sun.html]
[docs.python.org/2/library/sunaudio.html]
[docs.python.org/2/library/undoc.html]
[docs.python.org/2/extending/extending.html]
[docs.python.org/2/extending/newtypes.html]
[docs.python.org/2/extending/building.html]
[docs.python.org/2/extending/windows.html]
[docs.python.org/2/extending/embedding.html]
[docs.python.org/2/c-api/intro.html]
[docs.python.org/2/c-api/veryhigh.html]
[docs.python.org/2/c-api/refcounting.html]
[docs.python.org/2/c-api/exceptions.html]
[docs.python.org/2/c-api/utilities.html]
[docs.python.org/2/c-api/sys.html]
[docs.python.org/2/c-api/import.html]
[docs.python.org/2/c-api/marshal.html]
[docs.python.org/2/c-api/arg.html]
[docs.python.org/2/c-api/conversion.html]
[docs.python.org/2/c-api/reflection.html]
[docs.python.org/2/c-api/codec.html]
[docs.python.org/2/c-api/abstract.html]
[docs.python.org/2/c-api/object.html]
[docs.python.org/2/c-api/number.html]
[docs.python.org/2/c-api/sequence.html]
[docs.python.org/2/c-api/mapping.html]
[docs.python.org/2/c-api/iter.html]
[docs.python.org/2/c-api/objbuffer.html]
[docs.python.org/2/c-api/concrete.html]
[docs.python.org/2/c-api/type.html]
[docs.python.org/2/c-api/none.html]
[docs.python.org/2/c-api/int.html]
[docs.python.org/2/c-api/bool.html]
[docs.python.org/2/c-api/long.html]
[docs.python.org/2/c-api/float.html]
[docs.python.org/2/c-api/complex.html]
[docs.python.org/2/c-api/bytearray.html]
[docs.python.org/2/c-api/string.html]
[docs.python.org/2/c-api/unicode.html]
[docs.python.org/2/c-api/buffer.html]
[docs.python.org/2/c-api/tuple.html]
[docs.python.org/2/c-api/list.html]
[docs.python.org/2/c-api/dict.html]
[docs.python.org/2/c-api/class.html]
[docs.python.org/2/c-api/function.html]
[docs.python.org/2/c-api/method.html]
[docs.python.org/2/c-api/file.html]
[docs.python.org/2/c-api/module.html]
[docs.python.org/2/c-api/iterator.html]
[docs.python.org/2/c-api/descriptor.html]
[docs.python.org/2/c-api/slice.html]
[docs.python.org/2/c-api/weakref.html]
[docs.python.org/2/c-api/capsule.html]
[docs.python.org/2/c-api/cobject.html]
[docs.python.org/2/c-api/cell.html]
[docs.python.org/2/c-api/gen.html]
[docs.python.org/2/c-api/datetime.html]
[docs.python.org/2/c-api/set.html]
[docs.python.org/2/c-api/code.html]
[docs.python.org/2/c-api/init.html]
[docs.python.org/2/c-api/memory.html]
[docs.python.org/2/c-api/objimpl.html]
[docs.python.org/2/c-api/allocation.html]
[docs.python.org/2/c-api/structures.html]
[docs.python.org/2/c-api/typeobj.html]
[docs.python.org/2/c-api/gcsupport.html]
[docs.python.org/2/howto/pyporting.html]
[docs.python.org/2/howto/cporting.html]
[docs.python.org/2/howto/curses.html]
[docs.python.org/2/howto/descriptor.html]
[docs.python.org/2/howto/doanddont.html]
[docs.python.org/2/howto/functional.html]
[docs.python.org/2/_images/logging_flow.png]
[docs.python.org/2/howto/logging.html]
[docs.python.org/2/howto/logging-cookbook.html]
[docs.python.org/2/howto/regex.html]
[docs.python.org/2/howto/sockets.html]
[docs.python.org/2/howto/sorting.html]
[docs.python.org/2/howto/unicode.html]
[docs.python.org/2/howto/urllib2.html]
[docs.python.org/2/howto/webservers.html]
[docs.python.org/2/howto/argparse.html]
[docs.python.org/2/faq/general.html]
[docs.python.org/2/faq/programming.html]
[docs.python.org/2/faq/design.html]
[docs.python.org/2/faq/library.html]
[docs.python.org/2/faq/extending.html]
[docs.python.org/2/_images/python-video-icon.png]
[docs.python.org/2/faq/windows.html]
[docs.python.org/2/faq/gui.html]
[docs.python.org/2/faq/installed.html]
[docs.python.org/2/genindex-Symbols.html]
[docs.python.org/2/genindex-_.html]
[docs.python.org/2/genindex-A.html]
[docs.python.org/2/genindex-B.html]
[docs.python.org/2/genindex-C.html]
[docs.python.org/2/genindex-D.html]
[docs.python.org/2/genindex-E.html]
[docs.python.org/2/genindex-F.html]
[docs.python.org/2/genindex-G.html]
[docs.python.org/2/genindex-H.html]
[docs.python.org/2/genindex-I.html]
[docs.python.org/2/genindex-J.html]
[docs.python.org/2/genindex-K.html]
[docs.python.org/2/genindex-L.html]
[docs.python.org/2/genindex-M.html]
[docs.python.org/2/genindex-N.html]
[docs.python.org/2/genindex-O.html]
[docs.python.org/2/genindex-P.html]
[docs.python.org/2/genindex-Q.html]
[docs.python.org/2/genindex-R.html]
[docs.python.org/2/genindex-S.html]
[docs.python.org/2/genindex-T.html]
[docs.python.org/2/genindex-U.html]
[docs.python.org/2/genindex-V.html]
[docs.python.org/2/genindex-W.html]
[docs.python.org/2/genindex-X.html]
[docs.python.org/2/genindex-Y.html]
[docs.python.org/2/genindex-Z.html]
[docs.python.org/2/genindex-all.html]
[docs.python.org/2/distutils/apiref.html]
[docs.python.org/2/install/index.html]
[docs.python.org/2/distutils/index.html]
[docs.python.org/2/distutils/extending.html]
[docs.python.org/2/distutils/packageindex.html]
[docs.python.org/2/distutils/builtdist.html]
[docs.python.org/2/distutils/setupscript.html]
[docs.python.org/2/distutils/commandref.html]
[docs.python.org/2/distutils/configfile.html]
[docs.python.org/2/distutils/introduction.html]
[docs.python.org/2/distutils/sourcedist.html]
[docs.python.org/2/distutils/examples.html]
